package_show: 138 resources total

Matching 2025 Outdoor coverage-map resources:
  Coverage map - Telstra - 4G - Outdoor - 2025 | KML | 252569107 bytes | https://data.gov.au/data/dataset/4b472a18-d0fa-409c-994a-ab17162bcb90/resource/f900c540-4184-4aa5-88cf-7047e8a17d8c/download/coverage-map-telstra-4g-outdoor-2025.kml
  Coverage map - Optus - 4G - Outdoor - 2025 | ZIP | 206033910 bytes | https://data.gov.au/data/dataset/4b472a18-d0fa-409c-994a-ab17162bcb90/resource/e8096d93-610f-44da-9ea2-a28322819f90/download/coverage-map-optus-4g-outdoor-2025.zip
  Coverage map - TPG - 4G - Outdoor - 2025 | KML | 91430470 bytes | https://data.gov.au/data/dataset/4b472a18-d0fa-409c-994a-ab17162bcb90/resource/21241ba2-6417-4c8d-b94c-ebac590d3e7f/download/coverage-map-tpg-4g-outdoor-2025.kml
  Coverage map - Optus-TPG MOCN - 4G - Outdoor - 2025 | ZIP | 110830724 bytes | https://data.gov.au/data/dataset/4b472a18-d0fa-409c-994a-ab17162bcb90/resource/74b9ef8a-61a6-47ee-91bb-4ad948e888d0/download/coverage-map-optus-tpg-mocn-4g-outdoor-2025.zip
  Coverage map - Telstra - 3G - Outdoor - 2025: NOT FOUND
  Coverage map - Optus - 3G - Outdoor - 2025 | KML | 20262143 bytes | https://data.gov.au/data/dataset/4b472a18-d0fa-409c-994a-ab17162bcb90/resource/52147286-9492-4044-bbf9-a74159d9568c/download/coverage-map-optus-3g-outdoor-2025.kml
  Coverage map - Telstra - 5G - Outdoor - 2025 | KML | 356138494 bytes | https://data.gov.au/data/dataset/4b472a18-d0fa-409c-994a-ab17162bcb90/resource/ce194ab2-3022-4f21-be68-270790409983/download/coverage-map-telstra-5g-outdoor-2025.kml
  Coverage map - Optus - 5G - Outdoor - 2025 | KML | 759940261 bytes | https://data.gov.au/data/dataset/4b472a18-d0fa-409c-994a-ab17162bcb90/resource/942decad-ae23-42e1-a2d1-908d74f9d5c5/download/coverage-map-optus-5g-outdoor-2025.kml
  Coverage map - TPG - 5G - Outdoor - 2025 | KML | 34730928 bytes | https://data.gov.au/data/dataset/4b472a18-d0fa-409c-994a-ab17162bcb90/resource/26c83c8b-8a2e-48df-8a72-83d57c2989fa/download/coverage-map-tpg-5g-outdoor-2025.kml

Downloading (priority order, 1.5 GB / 15 min budget after the 4G set):
[telstra_4g] Coverage map - Telstra - 4G - Outdoor - 2025 | KML | 252569107 bytes | https://data.gov.au/data/dataset/4b472a18-d0fa-409c-994a-ab17162bcb90/resource/f900c540-4184-4aa5-88cf-7047e8a17d8c/download/coverage-map-telstra-4g-outdoor-2025.kml
  downloaded D:\Charles Darwin University\6 - Year 2 - Semester 2\CODE IT FAIR 2026\Data Innovation Challenge 2026\spike\raw\accc_telstra_4g_outdoor_2025.kml: 252569107 bytes in 93.5s (2.70 MB/s)
[optus_4g] Coverage map - Optus - 4G - Outdoor - 2025 | ZIP | 206033910 bytes | https://data.gov.au/data/dataset/4b472a18-d0fa-409c-994a-ab17162bcb90/resource/e8096d93-610f-44da-9ea2-a28322819f90/download/coverage-map-optus-4g-outdoor-2025.zip
  downloaded D:\Charles Darwin University\6 - Year 2 - Semester 2\CODE IT FAIR 2026\Data Innovation Challenge 2026\spike\raw\accc_optus_4g_outdoor_2025.zip: 206033910 bytes in 65.0s (3.17 MB/s)
  extracted Coverage map - Optus - 4G - Outdoor - 2025.kml -> D:\Charles Darwin University\6 - Year 2 - Semester 2\CODE IT FAIR 2026\Data Innovation Challenge 2026\spike\raw\accc_optus_4g_outdoor_2025.kml (1422233412 bytes)
[tpg_4g] Coverage map - TPG - 4G - Outdoor - 2025 | KML | 91430470 bytes | https://data.gov.au/data/dataset/4b472a18-d0fa-409c-994a-ab17162bcb90/resource/21241ba2-6417-4c8d-b94c-ebac590d3e7f/download/coverage-map-tpg-4g-outdoor-2025.kml
  downloaded D:\Charles Darwin University\6 - Year 2 - Semester 2\CODE IT FAIR 2026\Data Innovation Challenge 2026\spike\raw\accc_tpg_4g_outdoor_2025.kml: 91430470 bytes in 29.1s (3.14 MB/s)
[mocn_4g] Coverage map - Optus-TPG MOCN - 4G - Outdoor - 2025 | ZIP | 110830724 bytes | https://data.gov.au/data/dataset/4b472a18-d0fa-409c-994a-ab17162bcb90/resource/74b9ef8a-61a6-47ee-91bb-4ad948e888d0/download/coverage-map-optus-tpg-mocn-4g-outdoor-2025.zip
  downloaded D:\Charles Darwin University\6 - Year 2 - Semester 2\CODE IT FAIR 2026\Data Innovation Challenge 2026\spike\raw\accc_mocn_4g_outdoor_2025.zip: 110830724 bytes in 35.9s (3.09 MB/s)
  extracted Coverage map - Optus-TPG MOCN - 4G - Outdoor - 2025.kml -> D:\Charles Darwin University\6 - Year 2 - Semester 2\CODE IT FAIR 2026\Data Innovation Challenge 2026\spike\raw\accc_mocn_4g_outdoor_2025.kml (982143797 bytes)
[telstra_3g] no 2025 Outdoor resource named 'Coverage map - Telstra - 3G - Outdoor - 2025' — skipping
[optus_3g] Coverage map - Optus - 3G - Outdoor - 2025 | KML | 20262143 bytes | https://data.gov.au/data/dataset/4b472a18-d0fa-409c-994a-ab17162bcb90/resource/52147286-9492-4044-bbf9-a74159d9568c/download/coverage-map-optus-3g-outdoor-2025.kml
  downloaded D:\Charles Darwin University\6 - Year 2 - Semester 2\CODE IT FAIR 2026\Data Innovation Challenge 2026\spike\raw\accc_optus_3g_outdoor_2025.kml: 20262143 bytes in 7.5s (2.68 MB/s)
[telstra_5g] Coverage map - Telstra - 5G - Outdoor - 2025 | KML | 356138494 bytes | https://data.gov.au/data/dataset/4b472a18-d0fa-409c-994a-ab17162bcb90/resource/ce194ab2-3022-4f21-be68-270790409983/download/coverage-map-telstra-5g-outdoor-2025.kml
  downloaded D:\Charles Darwin University\6 - Year 2 - Semester 2\CODE IT FAIR 2026\Data Innovation Challenge 2026\spike\raw\accc_telstra_5g_outdoor_2025.kml: 356138494 bytes in 120.9s (2.95 MB/s)
[optus_5g] skipped: downloading 759940261 bytes would exceed budget (cumulative 1037264848, elapsed 363s) — stopping remaining downloads
[tpg_5g] skipped: download budget exhausted
Total downloaded this run: 1037264848 bytes in 362.8s

Parsing:
  parsed D:\Charles Darwin University\6 - Year 2 - Semester 2\CODE IT FAIR 2026\Data Innovation Challenge 2026\spike\raw\accc_telstra_4g_outdoor_2025.kml: total_placemarks=15808 nt_bbox_placemarks=1818 invalid_geometry=1 elapsed=491.7s
  parsed D:\Charles Darwin University\6 - Year 2 - Semester 2\CODE IT FAIR 2026\Data Innovation Challenge 2026\spike\raw\accc_optus_4g_outdoor_2025.kml: total_placemarks=1142260 nt_bbox_placemarks=89836 invalid_geometry=0 elapsed=2377.3s
  parsed D:\Charles Darwin University\6 - Year 2 - Semester 2\CODE IT FAIR 2026\Data Innovation Challenge 2026\spike\raw\accc_tpg_4g_outdoor_2025.kml: total_placemarks=41808 nt_bbox_placemarks=498 invalid_geometry=0 elapsed=1.5s
  parsed D:\Charles Darwin University\6 - Year 2 - Semester 2\CODE IT FAIR 2026\Data Innovation Challenge 2026\spike\raw\accc_mocn_4g_outdoor_2025.kml: total_placemarks=29766 nt_bbox_placemarks=1182 invalid_geometry=0 elapsed=26.9s
  parsed D:\Charles Darwin University\6 - Year 2 - Semester 2\CODE IT FAIR 2026\Data Innovation Challenge 2026\spike\raw\accc_optus_3g_outdoor_2025.kml: total_placemarks=227 nt_bbox_placemarks=51 invalid_geometry=3 elapsed=0.5s
  parsed D:\Charles Darwin University\6 - Year 2 - Semester 2\CODE IT FAIR 2026\Data Innovation Challenge 2026\spike\raw\accc_telstra_5g_outdoor_2025.kml: total_placemarks=226313 nt_bbox_placemarks=1614 invalid_geometry=0 elapsed=6.3s

Wrote D:\Charles Darwin University\6 - Year 2 - Semester 2\CODE IT FAIR 2026\Data Innovation Challenge 2026\spike\out\accc.csv (96 rows)

Sanity checks:
  426 Wadeye: telstra_4g=1 optus_4g=0 tpg_4g=0 mocn_4g=0
  362 Maningrida: telstra_4g=1 optus_4g=0 tpg_4g=0 mocn_4g=0
  492 Galiwinku: telstra_4g=1 optus_4g=0 tpg_4g=0 mocn_4g=0
  198 Yuendumu: telstra_4g=1 optus_4g=0 tpg_4g=0 mocn_4g=0
  633 Ngukurr: telstra_4g=1 optus_4g=0 tpg_4g=0 mocn_4g=0
  72 Kintore: telstra_4g=1 optus_4g=0 tpg_4g=0 mocn_4g=0
  458 Baniyala: telstra_4g=0 optus_4g=0 tpg_4g=0 mocn_4g=0
  294 Belyuen: telstra_4g=1 optus_4g=0 tpg_4g=0 mocn_4g=0
  9 Amoonguna: telstra_4g=1 optus_4g=1 tpg_4g=0 mocn_4g=1

carriers_4g_count distribution over 96: [0, 0, 0, 0, 0, 0, 0, 0, 0, 0, 0, 0, 0, 0, 0, 0, 0, 0, 0, 0, 0, 0, 1, 1, 1, 1, 1, 1, 1, 1, 1, 1, 1, 1, 1, 1, 1, 1, 1, 1, 1, 1, 1, 1, 1, 1, 1, 1, 1, 1, 1, 1, 1, 1, 1, 1, 1, 1, 1, 1, 1, 1, 1, 1, 1, 1, 1, 1, 1, 1, 1, 1, 1, 1, 1, 1, 1, 1, 1, 1, 1, 1, 1, 1, 1, 1, 1, 1, 1, 1, 3, 3, 3, 3, 3, 3]
